의료 수가-상병코드 매핑 시작 (최적화 버전)...
수가 파일 로드 완료: (398402, 4)
상병코드 파일 시트 목록: ['부가정보_신구대비표', '상병분류기호(전체)', '상병분류기호(완전코드)']
사용 가능한 컬럼: ['상병기호', '한글명', '영문영', '완전코드구분', '주상병사용구분']
컬럼 매핑: {'상병코드': '주상병사용구분', '한글명': '한글명', '영문명': '영문영'}
상병코드 파일 로드 완료: (47798, 3)
정제 후 - 수가: (398402, 4), 상병: (47798, 3)

수가 데이터: 398402행
상병 데이터: 47798행

=== 매핑 시작 ===
1. 한글명 완전일치 매핑...
   한글명 완전일치: 0개
2. 영문명 완전일치 매핑...
   영문명 완전일치: 171개
3. 한글명 유사도 매핑 (샘플링)...
   한글명 유사매칭: 30개

총 매칭 결과: 201개
4. 통합 테이블 생성...
   통합 테이블 크기: (201, 10)
5. 결과 저장 완료: C:\Jimin\cg_suri_z-code360\code_analysis\medical_code_integrated.csv

=== 결과 미리보기 ===
       수가코드                                             수가명_한글  ...     매칭컬럼  유사도
0  IER45320        (비상)자궁외임신수술-자궁각임신(권역응급의료센터·전문응급의료센터·권역외상센터)  ...  영문명_영문명  100
1  IER45321                        (비상)자궁외임신수술-자궁각임신(지역응급의료센터)  ...  영문명_영문명  100
2  IER45323  (비상)자궁외임신수술-자궁각임신(권역응급의료센터·전문응급의료센터·권역외상센터·지역응...  ...  영문명_영문명  100
3  IER45330       (비상)자궁외임신수술-자궁경관임신(권역응급의료센터·전문응급의료센터·권역외상센터)  ...  영문명_영문명  100
4  IER45331                       (비상)자궁외임신수술-자궁경관임신(지역응급의료센터)  ...  영문명_영문명  100
5  IER45333  (비상)자궁외임신수술-자궁경관임신(권역응급의료센터·전문응급의료센터·권역외상센터·지역...  ...  영문명_영문명  100
6  IER45340        (비상)자궁외임신수술-복강내임신(권역응급의료센터·전문응급의료센터·권역외상센터)  ...  영문명_영문명  100
7  IER45341                        (비상)자궁외임신수술-복강내임신(지역응급의료센터)  ...  영문명_영문명  100
8  IER45343  (비상)자궁외임신수술-복강내임신(권역응급의료센터·전문응급의료센터·권역외상센터·지역응...  ...  영문명_영문명  100
9     N0830                                              용수지수술  ...  영문명_영문명  100

[10 rows x 10 columns]

=== 매칭 통계 ===
전체 매칭 수: 201
완전일치: 171
유사매칭: 30
고유 수가코드 수: 201
고유 상병코드 수: 0
고품질 매칭 (유사도 90% 이상): 172개
